[0.724s] DEBUG:colcon:Command line arguments: ['/home/aaron/.local/bin/colcon', 'build']
[0.725s] DEBUG:colcon:Parsed command line arguments: Namespace(log_base=None, log_level=None, verb_name='build', build_base='build', install_base='install', merge_install=False, symlink_install=False, test_result_base=None, continue_on_error=False, executor='parallel', parallel_workers=8, event_handlers=None, ignore_user_meta=False, metas=['./colcon.meta'], base_paths=['.'], packages_ignore=None, packages_ignore_regex=None, paths=None, packages_up_to=None, packages_up_to_regex=None, packages_above=None, packages_above_and_dependencies=None, packages_above_depth=None, packages_select_by_dep=None, packages_skip_by_dep=None, packages_skip_up_to=None, packages_select_build_failed=False, packages_skip_build_finished=False, packages_select_test_failures=False, packages_skip_test_passed=False, packages_select=None, packages_skip=None, packages_select_regex=None, packages_skip_regex=None, packages_start=None, packages_end=None, allow_overriding=[], cmake_args=None, cmake_target=None, cmake_target_skip_unavailable=False, cmake_clean_cache=False, cmake_clean_first=False, cmake_force_configure=False, ament_cmake_args=None, catkin_cmake_args=None, catkin_skip_building_tests=False, mixin_files=None, mixin=None, verb_parser=<colcon_mixin.mixin.mixin_argument.MixinArgumentDecorator object at 0x7ecf8e86bb50>, verb_extension=<colcon_core.verb.build.BuildVerb object at 0x7ecf8e86b3d0>, main=<bound method BuildVerb.main of <colcon_core.verb.build.BuildVerb object at 0x7ecf8e86b3d0>>, mixin_verb=('build',))
[1.440s] Level 1:colcon.colcon_core.package_discovery:discover_packages(colcon_meta) check parameters
[1.441s] Level 1:colcon.colcon_core.package_discovery:discover_packages(recursive) check parameters
[1.441s] Level 1:colcon.colcon_core.package_discovery:discover_packages(ignore) check parameters
[1.441s] Level 1:colcon.colcon_core.package_discovery:discover_packages(path) check parameters
[1.441s] Level 1:colcon.colcon_core.package_discovery:discover_packages(colcon_meta) discover
[1.442s] Level 1:colcon.colcon_core.package_discovery:discover_packages(recursive) discover
[1.442s] INFO:colcon.colcon_core.package_discovery:Crawling recursively for packages in '/home/aaron/Space-Drone-High-Level/spacedrone'
[1.442s] Level 1:colcon.colcon_core.package_identification:_identify(.) by extensions ['ignore', 'ignore_ament_install']
[1.443s] Level 1:colcon.colcon_core.package_identification:_identify(.) by extension 'ignore'
[1.443s] Level 1:colcon.colcon_core.package_identification:_identify(.) by extension 'ignore_ament_install'
[1.443s] Level 1:colcon.colcon_core.package_identification:_identify(.) by extensions ['colcon_pkg']
[1.444s] Level 1:colcon.colcon_core.package_identification:_identify(.) by extension 'colcon_pkg'
[1.444s] Level 1:colcon.colcon_core.package_identification:_identify(.) by extensions ['colcon_meta']
[1.444s] Level 1:colcon.colcon_core.package_identification:_identify(.) by extension 'colcon_meta'
[1.444s] Level 1:colcon.colcon_core.package_identification:_identify(.) by extensions ['ros']
[1.444s] Level 1:colcon.colcon_core.package_identification:_identify(.) by extension 'ros'
[1.511s] Level 1:colcon.colcon_core.package_identification:_identify(.) by extensions ['cmake', 'python']
[1.511s] Level 1:colcon.colcon_core.package_identification:_identify(.) by extension 'cmake'
[1.511s] Level 1:colcon.colcon_core.package_identification:_identify(.) by extension 'python'
[1.512s] Level 1:colcon.colcon_core.package_identification:_identify(.) by extensions ['python_setup_py']
[1.512s] Level 1:colcon.colcon_core.package_identification:_identify(.) by extension 'python_setup_py'
[1.512s] Level 1:colcon.colcon_core.package_identification:_identify(build) by extensions ['ignore', 'ignore_ament_install']
[1.513s] Level 1:colcon.colcon_core.package_identification:_identify(build) by extension 'ignore'
[1.513s] Level 1:colcon.colcon_core.package_identification:_identify(build) ignored
[1.513s] Level 1:colcon.colcon_core.package_identification:_identify(install) by extensions ['ignore', 'ignore_ament_install']
[1.514s] Level 1:colcon.colcon_core.package_identification:_identify(install) by extension 'ignore'
[1.514s] Level 1:colcon.colcon_core.package_identification:_identify(install) ignored
[1.514s] Level 1:colcon.colcon_core.package_identification:_identify(log) by extensions ['ignore', 'ignore_ament_install']
[1.515s] Level 1:colcon.colcon_core.package_identification:_identify(log) by extension 'ignore'
[1.515s] Level 1:colcon.colcon_core.package_identification:_identify(log) ignored
[1.515s] Level 1:colcon.colcon_core.package_identification:_identify(src) by extensions ['ignore', 'ignore_ament_install']
[1.516s] Level 1:colcon.colcon_core.package_identification:_identify(src) by extension 'ignore'
[1.516s] Level 1:colcon.colcon_core.package_identification:_identify(src) by extension 'ignore_ament_install'
[1.516s] Level 1:colcon.colcon_core.package_identification:_identify(src) by extensions ['colcon_pkg']
[1.516s] Level 1:colcon.colcon_core.package_identification:_identify(src) by extension 'colcon_pkg'
[1.516s] Level 1:colcon.colcon_core.package_identification:_identify(src) by extensions ['colcon_meta']
[1.517s] Level 1:colcon.colcon_core.package_identification:_identify(src) by extension 'colcon_meta'
[1.517s] Level 1:colcon.colcon_core.package_identification:_identify(src) by extensions ['ros']
[1.517s] Level 1:colcon.colcon_core.package_identification:_identify(src) by extension 'ros'
[1.517s] Level 1:colcon.colcon_core.package_identification:_identify(src) by extensions ['cmake', 'python']
[1.517s] Level 1:colcon.colcon_core.package_identification:_identify(src) by extension 'cmake'
[1.518s] Level 1:colcon.colcon_core.package_identification:_identify(src) by extension 'python'
[1.518s] Level 1:colcon.colcon_core.package_identification:_identify(src) by extensions ['python_setup_py']
[1.518s] Level 1:colcon.colcon_core.package_identification:_identify(src) by extension 'python_setup_py'
[1.518s] Level 1:colcon.colcon_core.package_identification:_identify(src/camera) by extensions ['ignore', 'ignore_ament_install']
[1.519s] Level 1:colcon.colcon_core.package_identification:_identify(src/camera) by extension 'ignore'
[1.519s] Level 1:colcon.colcon_core.package_identification:_identify(src/camera) by extension 'ignore_ament_install'
[1.520s] Level 1:colcon.colcon_core.package_identification:_identify(src/camera) by extensions ['colcon_pkg']
[1.520s] Level 1:colcon.colcon_core.package_identification:_identify(src/camera) by extension 'colcon_pkg'
[1.520s] Level 1:colcon.colcon_core.package_identification:_identify(src/camera) by extensions ['colcon_meta']
[1.520s] Level 1:colcon.colcon_core.package_identification:_identify(src/camera) by extension 'colcon_meta'
[1.520s] Level 1:colcon.colcon_core.package_identification:_identify(src/camera) by extensions ['ros']
[1.521s] Level 1:colcon.colcon_core.package_identification:_identify(src/camera) by extension 'ros'
[1.524s] DEBUG:colcon.colcon_core.package_identification:Failed to parse potential ROS package manifest in'src/camera': Error(s) in package 'src/camera/package.xml':
The manifest contains invalid XML:
mismatched tag: line 24, column 2
[1.525s] Level 1:colcon.colcon_core.package_identification:_identify(src/camera) by extensions ['cmake', 'python']
[1.525s] Level 1:colcon.colcon_core.package_identification:_identify(src/camera) by extension 'cmake'
[1.525s] Level 1:colcon.colcon_core.package_identification:_identify(src/camera) by extension 'python'
[1.526s] DEBUG:colcon.colcon_core.package_identification:Python package in 'src/camera' passes arguments to the setup() function which requires a different identification extension than 'python'
[1.526s] Level 1:colcon.colcon_core.package_identification:_identify(src/camera) by extensions ['python_setup_py']
[1.526s] Level 1:colcon.colcon_core.package_identification:_identify(src/camera) by extension 'python_setup_py'
[2.574s] DEBUG:colcon.colcon_core.package_identification:Package 'src/camera' with type 'python' and name 'camera'
[2.574s] Level 1:colcon.colcon_core.package_discovery:discover_packages(recursive) using defaults
[2.574s] Level 1:colcon.colcon_core.package_discovery:discover_packages(ignore) discover
[2.575s] Level 1:colcon.colcon_core.package_discovery:discover_packages(ignore) using defaults
[2.575s] Level 1:colcon.colcon_core.package_discovery:discover_packages(path) discover
[2.575s] Level 1:colcon.colcon_core.package_discovery:discover_packages(path) using defaults
[2.655s] Level 1:colcon.colcon_core.package_discovery:discover_packages(prefix_path) check parameters
[2.655s] Level 1:colcon.colcon_core.package_discovery:discover_packages(prefix_path) discover
[2.662s] DEBUG:colcon.colcon_installed_package_information.package_discovery:Found 1 installed packages in /home/aaron/Space-Drone-High-Level/spacedrone/install
[2.664s] DEBUG:colcon.colcon_installed_package_information.package_discovery:Found 3 installed packages in /home/aaron/Space-Drone-High-Level/install
[2.670s] DEBUG:colcon.colcon_installed_package_information.package_discovery:Found 270 installed packages in /opt/ros/humble
[2.675s] Level 1:colcon.colcon_core.package_discovery:discover_packages(prefix_path) using defaults
[2.860s] Level 5:colcon.colcon_core.verb:set package 'camera' build argument 'cmake_args' from command line to 'None'
[2.860s] Level 5:colcon.colcon_core.verb:set package 'camera' build argument 'cmake_target' from command line to 'None'
[2.860s] Level 5:colcon.colcon_core.verb:set package 'camera' build argument 'cmake_target_skip_unavailable' from command line to 'False'
[2.860s] Level 5:colcon.colcon_core.verb:set package 'camera' build argument 'cmake_clean_cache' from command line to 'False'
[2.860s] Level 5:colcon.colcon_core.verb:set package 'camera' build argument 'cmake_clean_first' from command line to 'False'
[2.861s] Level 5:colcon.colcon_core.verb:set package 'camera' build argument 'cmake_force_configure' from command line to 'False'
[2.861s] Level 5:colcon.colcon_core.verb:set package 'camera' build argument 'ament_cmake_args' from command line to 'None'
[2.861s] Level 5:colcon.colcon_core.verb:set package 'camera' build argument 'catkin_cmake_args' from command line to 'None'
[2.861s] Level 5:colcon.colcon_core.verb:set package 'camera' build argument 'catkin_skip_building_tests' from command line to 'False'
[2.861s] DEBUG:colcon.colcon_core.verb:Building package 'camera' with the following arguments: {'ament_cmake_args': None, 'build_base': '/home/aaron/Space-Drone-High-Level/spacedrone/build/camera', 'catkin_cmake_args': None, 'catkin_skip_building_tests': False, 'cmake_args': None, 'cmake_clean_cache': False, 'cmake_clean_first': False, 'cmake_force_configure': False, 'cmake_target': None, 'cmake_target_skip_unavailable': False, 'install_base': '/home/aaron/Space-Drone-High-Level/spacedrone/install/camera', 'merge_install': False, 'path': '/home/aaron/Space-Drone-High-Level/spacedrone/src/camera', 'symlink_install': False, 'test_result_base': None}
[2.862s] INFO:colcon.colcon_core.executor:Executing jobs using 'parallel' executor
[2.865s] DEBUG:colcon.colcon_parallel_executor.executor.parallel:run_until_complete
[2.866s] INFO:colcon.colcon_core.task.python.build:Building Python package in '/home/aaron/Space-Drone-High-Level/spacedrone/src/camera'
[2.878s] INFO:colcon.colcon_core.plugin_system:Skipping extension 'colcon_core.shell.bat': Not used on non-Windows systems
[2.879s] INFO:colcon.colcon_core.shell:Skip shell extension 'powershell' for command environment: Not usable outside of PowerShell
[2.879s] DEBUG:colcon.colcon_core.shell:Skip shell extension 'dsv' for command environment
[5.373s] DEBUG:colcon.colcon_core.event_handler.log_command:Invoking command in '/home/aaron/Space-Drone-High-Level/spacedrone/src/camera': PYTHONPATH=/home/aaron/Space-Drone-High-Level/spacedrone/build/camera/prefix_override:/usr/lib/python3/dist-packages/colcon_core/task/python/colcon_distutils_commands:/home/aaron/Space-Drone-High-Level/spacedrone/install/camera/lib/python3.10/site-packages:${PYTHONPATH} /usr/bin/python3 -W ignore:setup.py install is deprecated setup.py egg_info --egg-base ../../build/camera build --build-base /home/aaron/Space-Drone-High-Level/spacedrone/build/camera/build install --record /home/aaron/Space-Drone-High-Level/spacedrone/build/camera/install.log --single-version-externally-managed install_data
[6.840s] DEBUG:colcon.colcon_core.event_handler.log_command:Invoked command in '/home/aaron/Space-Drone-High-Level/spacedrone/src/camera' returned '0': PYTHONPATH=/home/aaron/Space-Drone-High-Level/spacedrone/build/camera/prefix_override:/usr/lib/python3/dist-packages/colcon_core/task/python/colcon_distutils_commands:/home/aaron/Space-Drone-High-Level/spacedrone/install/camera/lib/python3.10/site-packages:${PYTHONPATH} /usr/bin/python3 -W ignore:setup.py install is deprecated setup.py egg_info --egg-base ../../build/camera build --build-base /home/aaron/Space-Drone-High-Level/spacedrone/build/camera/build install --record /home/aaron/Space-Drone-High-Level/spacedrone/build/camera/install.log --single-version-externally-managed install_data
[6.859s] Level 1:colcon.colcon_core.environment:checking '/home/aaron/Space-Drone-High-Level/spacedrone/install/camera' for CMake module files
[6.861s] Level 1:colcon.colcon_core.environment:checking '/home/aaron/Space-Drone-High-Level/spacedrone/install/camera' for CMake config files
[6.864s] Level 1:colcon.colcon_core.environment:checking '/home/aaron/Space-Drone-High-Level/spacedrone/install/camera/lib'
[6.865s] Level 1:colcon.colcon_core.environment:checking '/home/aaron/Space-Drone-High-Level/spacedrone/install/camera/bin'
[6.865s] Level 1:colcon.colcon_core.environment:checking '/home/aaron/Space-Drone-High-Level/spacedrone/install/camera/lib/pkgconfig/camera.pc'
[6.866s] Level 1:colcon.colcon_core.environment:checking '/home/aaron/Space-Drone-High-Level/spacedrone/install/camera/lib/python3.10/site-packages'
[6.867s] Level 1:colcon.colcon_core.shell:create_environment_hook('camera', 'pythonpath')
[6.868s] INFO:colcon.colcon_core.shell:Creating environment hook '/home/aaron/Space-Drone-High-Level/spacedrone/install/camera/share/camera/hook/pythonpath.ps1'
[6.870s] INFO:colcon.colcon_core.shell:Creating environment descriptor '/home/aaron/Space-Drone-High-Level/spacedrone/install/camera/share/camera/hook/pythonpath.dsv'
[6.872s] INFO:colcon.colcon_core.shell:Creating environment hook '/home/aaron/Space-Drone-High-Level/spacedrone/install/camera/share/camera/hook/pythonpath.sh'
[6.876s] Level 1:colcon.colcon_core.environment:checking '/home/aaron/Space-Drone-High-Level/spacedrone/install/camera/bin'
[6.876s] Level 1:colcon.colcon_core.environment:create_environment_scripts_only(camera)
[6.877s] INFO:colcon.colcon_core.shell:Creating package script '/home/aaron/Space-Drone-High-Level/spacedrone/install/camera/share/camera/package.ps1'
[6.881s] INFO:colcon.colcon_core.shell:Creating package descriptor '/home/aaron/Space-Drone-High-Level/spacedrone/install/camera/share/camera/package.dsv'
[6.884s] INFO:colcon.colcon_core.shell:Creating package script '/home/aaron/Space-Drone-High-Level/spacedrone/install/camera/share/camera/package.sh'
[6.887s] INFO:colcon.colcon_core.shell:Creating package script '/home/aaron/Space-Drone-High-Level/spacedrone/install/camera/share/camera/package.bash'
[6.892s] INFO:colcon.colcon_core.shell:Creating package script '/home/aaron/Space-Drone-High-Level/spacedrone/install/camera/share/camera/package.zsh'
[6.895s] Level 1:colcon.colcon_core.environment:create_file_with_runtime_dependencies(/home/aaron/Space-Drone-High-Level/spacedrone/install/camera/share/colcon-core/packages/camera)
[6.897s] DEBUG:colcon.colcon_parallel_executor.executor.parallel:closing loop
[6.897s] DEBUG:colcon.colcon_parallel_executor.executor.parallel:loop closed
[6.898s] DEBUG:colcon.colcon_parallel_executor.executor.parallel:run_until_complete finished with '0'
[6.898s] DEBUG:colcon.colcon_core.event_reactor:joining thread
[6.941s] INFO:colcon.colcon_core.plugin_system:Skipping extension 'colcon_notification.desktop_notification.terminal_notifier': Not used on non-Darwin systems
[6.941s] INFO:colcon.colcon_core.plugin_system:Skipping extension 'colcon_notification.desktop_notification.win32': Not used on non-Windows systems
[6.942s] INFO:colcon.colcon_notification.desktop_notification:Sending desktop notification using 'notify2'
[6.988s] DEBUG:colcon.colcon_core.event_reactor:joined thread
[6.990s] INFO:colcon.colcon_core.shell:Creating prefix script '/home/aaron/Space-Drone-High-Level/spacedrone/install/local_setup.ps1'
[6.996s] INFO:colcon.colcon_core.shell:Creating prefix util module '/home/aaron/Space-Drone-High-Level/spacedrone/install/_local_setup_util_ps1.py'
[7.007s] INFO:colcon.colcon_core.shell:Creating prefix chain script '/home/aaron/Space-Drone-High-Level/spacedrone/install/setup.ps1'
[7.014s] INFO:colcon.colcon_core.shell:Creating prefix script '/home/aaron/Space-Drone-High-Level/spacedrone/install/local_setup.sh'
[7.017s] INFO:colcon.colcon_core.shell:Creating prefix util module '/home/aaron/Space-Drone-High-Level/spacedrone/install/_local_setup_util_sh.py'
[7.019s] INFO:colcon.colcon_core.shell:Creating prefix chain script '/home/aaron/Space-Drone-High-Level/spacedrone/install/setup.sh'
[7.024s] INFO:colcon.colcon_core.shell:Creating prefix script '/home/aaron/Space-Drone-High-Level/spacedrone/install/local_setup.bash'
[7.027s] INFO:colcon.colcon_core.shell:Creating prefix chain script '/home/aaron/Space-Drone-High-Level/spacedrone/install/setup.bash'
[7.031s] INFO:colcon.colcon_core.shell:Creating prefix script '/home/aaron/Space-Drone-High-Level/spacedrone/install/local_setup.zsh'
[7.034s] INFO:colcon.colcon_core.shell:Creating prefix chain script '/home/aaron/Space-Drone-High-Level/spacedrone/install/setup.zsh'
