running egg_info
writing ../../build/camera/camera.egg-info/PKG-INFO
writing dependency_links to ../../build/camera/camera.egg-info/dependency_links.txt
writing entry points to ../../build/camera/camera.egg-info/entry_points.txt
writing requirements to ../../build/camera/camera.egg-info/requires.txt
writing top-level names to ../../build/camera/camera.egg-info/top_level.txt
reading manifest file '../../build/camera/camera.egg-info/SOURCES.txt'
adding license file 'LICENSE'
writing manifest file '../../build/camera/camera.egg-info/SOURCES.txt'
running build
running build_py
running install
running install_lib
running install_data
copying package.xml -> /home/aaron/Space-Drone-High-Level/spacedrone/install/camera/share/camera
running install_egg_info
removing '/home/aaron/Space-Drone-High-Level/spacedrone/install/camera/lib/python3.10/site-packages/camera-0.0.0-py3.10.egg-info' (and everything under it)
Copying ../../build/camera/camera.egg-info to /home/aaron/Space-Drone-High-Level/spacedrone/install/camera/lib/python3.10/site-packages/camera-0.0.0-py3.10.egg-info
running install_scripts
Installing aruco_node script to /home/aaron/Space-Drone-High-Level/spacedrone/install/camera/lib/camera
writing list of installed files to '/home/aaron/Space-Drone-High-Level/spacedrone/build/camera/install.log'
