[2.679s] Invoking command in '/home/aaron/Space-Drone-High-Level/spacedrone/src/camera': PYTHONPATH=/home/aaron/Space-Drone-High-Level/spacedrone/build/camera/prefix_override:/usr/lib/python3/dist-packages/colcon_core/task/python/colcon_distutils_commands:/home/aaron/Space-Drone-High-Level/spacedrone/install/camera/lib/python3.10/site-packages:${PYTHONPATH} /usr/bin/python3 -W ignore:setup.py install is deprecated setup.py egg_info --egg-base ../../build/camera build --build-base /home/aaron/Space-Drone-High-Level/spacedrone/build/camera/build install --record /home/aaron/Space-Drone-High-Level/spacedrone/build/camera/install.log --single-version-externally-managed install_data
[3.969s] running egg_info
[3.972s] writing ../../build/camera/camera.egg-info/PKG-INFO
[3.973s] writing dependency_links to ../../build/camera/camera.egg-info/dependency_links.txt
[3.975s] writing entry points to ../../build/camera/camera.egg-info/entry_points.txt
[3.976s] writing requirements to ../../build/camera/camera.egg-info/requires.txt
[3.976s] writing top-level names to ../../build/camera/camera.egg-info/top_level.txt
[3.990s] reading manifest file '../../build/camera/camera.egg-info/SOURCES.txt'
[3.991s] adding license file 'LICENSE'
[3.995s] writing manifest file '../../build/camera/camera.egg-info/SOURCES.txt'
[3.995s] running build
[3.996s] running build_py
[3.996s] running install
[3.998s] running install_lib
[4.003s] running install_data
[4.004s] copying package.xml -> /home/aaron/Space-Drone-High-Level/spacedrone/install/camera/share/camera
[4.005s] running install_egg_info
[4.016s] removing '/home/aaron/Space-Drone-High-Level/spacedrone/install/camera/lib/python3.10/site-packages/camera-0.0.0-py3.10.egg-info' (and everything under it)
[4.018s] Copying ../../build/camera/camera.egg-info to /home/aaron/Space-Drone-High-Level/spacedrone/install/camera/lib/python3.10/site-packages/camera-0.0.0-py3.10.egg-info
[4.023s] running install_scripts
[4.158s] Installing aruco_node script to /home/aaron/Space-Drone-High-Level/spacedrone/install/camera/lib/camera
[4.161s] writing list of installed files to '/home/aaron/Space-Drone-High-Level/spacedrone/build/camera/install.log'
[4.274s] Invoked command in '/home/aaron/Space-Drone-High-Level/spacedrone/src/camera' returned '0': PYTHONPATH=/home/aaron/Space-Drone-High-Level/spacedrone/build/camera/prefix_override:/usr/lib/python3/dist-packages/colcon_core/task/python/colcon_distutils_commands:/home/aaron/Space-Drone-High-Level/spacedrone/install/camera/lib/python3.10/site-packages:${PYTHONPATH} /usr/bin/python3 -W ignore:setup.py install is deprecated setup.py egg_info --egg-base ../../build/camera build --build-base /home/aaron/Space-Drone-High-Level/spacedrone/build/camera/build install --record /home/aaron/Space-Drone-High-Level/spacedrone/build/camera/install.log --single-version-externally-managed install_data
