[2.505s] Invoking command in '/home/aaron/Space-Drone-High-Level/spacedrone/src/camera': PYTHONPATH=/home/aaron/Space-Drone-High-Level/spacedrone/build/camera/prefix_override:/usr/lib/python3/dist-packages/colcon_core/task/python/colcon_distutils_commands:/home/aaron/Space-Drone-High-Level/spacedrone/install/camera/lib/python3.10/site-packages:${PYTHONPATH} /usr/bin/python3 -W ignore:setup.py install is deprecated setup.py egg_info --egg-base ../../build/camera build --build-base /home/aaron/Space-Drone-High-Level/spacedrone/build/camera/build install --record /home/aaron/Space-Drone-High-Level/spacedrone/build/camera/install.log --single-version-externally-managed install_data
[3.723s] running egg_info
[3.726s] writing ../../build/camera/camera.egg-info/PKG-INFO
[3.727s] writing dependency_links to ../../build/camera/camera.egg-info/dependency_links.txt
[3.727s] writing entry points to ../../build/camera/camera.egg-info/entry_points.txt
[3.729s] writing requirements to ../../build/camera/camera.egg-info/requires.txt
[3.729s] writing top-level names to ../../build/camera/camera.egg-info/top_level.txt
[3.745s] reading manifest file '../../build/camera/camera.egg-info/SOURCES.txt'
[3.745s] adding license file 'LICENSE'
[3.749s] writing manifest file '../../build/camera/camera.egg-info/SOURCES.txt'
[3.750s] running build
[3.751s] running build_py
[3.752s] copying camera/aruco_node.py -> /home/aaron/Space-Drone-High-Level/spacedrone/build/camera/build/lib/camera
[3.754s] running install
[3.756s] running install_lib
[3.761s] copying /home/aaron/Space-Drone-High-Level/spacedrone/build/camera/build/lib/camera/aruco_node.py -> /home/aaron/Space-Drone-High-Level/spacedrone/install/camera/lib/python3.10/site-packages/camera
[3.763s] byte-compiling /home/aaron/Space-Drone-High-Level/spacedrone/install/camera/lib/python3.10/site-packages/camera/aruco_node.py to aruco_node.cpython-310.pyc
[3.770s] running install_data
[3.771s] copying package.xml -> /home/aaron/Space-Drone-High-Level/spacedrone/install/camera/share/camera
[3.771s] running install_egg_info
[3.782s] removing '/home/aaron/Space-Drone-High-Level/spacedrone/install/camera/lib/python3.10/site-packages/camera-0.0.0-py3.10.egg-info' (and everything under it)
[3.783s] Copying ../../build/camera/camera.egg-info to /home/aaron/Space-Drone-High-Level/spacedrone/install/camera/lib/python3.10/site-packages/camera-0.0.0-py3.10.egg-info
[3.787s] running install_scripts
[3.881s] Installing aruco_node script to /home/aaron/Space-Drone-High-Level/spacedrone/install/camera/lib/camera
[3.882s] writing list of installed files to '/home/aaron/Space-Drone-High-Level/spacedrone/build/camera/install.log'
[3.972s] Invoked command in '/home/aaron/Space-Drone-High-Level/spacedrone/src/camera' returned '0': PYTHONPATH=/home/aaron/Space-Drone-High-Level/spacedrone/build/camera/prefix_override:/usr/lib/python3/dist-packages/colcon_core/task/python/colcon_distutils_commands:/home/aaron/Space-Drone-High-Level/spacedrone/install/camera/lib/python3.10/site-packages:${PYTHONPATH} /usr/bin/python3 -W ignore:setup.py install is deprecated setup.py egg_info --egg-base ../../build/camera build --build-base /home/aaron/Space-Drone-High-Level/spacedrone/build/camera/build install --record /home/aaron/Space-Drone-High-Level/spacedrone/build/camera/install.log --single-version-externally-managed install_data
