[0.805s] DEBUG:colcon:Command line arguments: ['/home/aaron/.local/bin/colcon', 'build']
[0.805s] DEBUG:colcon:Parsed command line arguments: Namespace(log_base=None, log_level=None, verb_name='build', build_base='build', install_base='install', merge_install=False, symlink_install=False, test_result_base=None, continue_on_error=False, executor='parallel', parallel_workers=8, event_handlers=None, ignore_user_meta=False, metas=['./colcon.meta'], base_paths=['.'], packages_ignore=None, packages_ignore_regex=None, paths=None, packages_up_to=None, packages_up_to_regex=None, packages_above=None, packages_above_and_dependencies=None, packages_above_depth=None, packages_select_by_dep=None, packages_skip_by_dep=None, packages_skip_up_to=None, packages_select_build_failed=False, packages_skip_build_finished=False, packages_select_test_failures=False, packages_skip_test_passed=False, packages_select=None, packages_skip=None, packages_select_regex=None, packages_skip_regex=None, packages_start=None, packages_end=None, allow_overriding=[], cmake_args=None, cmake_target=None, cmake_target_skip_unavailable=False, cmake_clean_cache=False, cmake_clean_first=False, cmake_force_configure=False, ament_cmake_args=None, catkin_cmake_args=None, catkin_skip_building_tests=False, mixin_files=None, mixin=None, verb_parser=<colcon_mixin.mixin.mixin_argument.MixinArgumentDecorator object at 0x71a22baa7b50>, verb_extension=<colcon_core.verb.build.BuildVerb object at 0x71a22baa73d0>, main=<bound method BuildVerb.main of <colcon_core.verb.build.BuildVerb object at 0x71a22baa73d0>>, mixin_verb=('build',))
[1.736s] Level 1:colcon.colcon_core.package_discovery:discover_packages(colcon_meta) check parameters
[1.737s] Level 1:colcon.colcon_core.package_discovery:discover_packages(recursive) check parameters
[1.737s] Level 1:colcon.colcon_core.package_discovery:discover_packages(ignore) check parameters
[1.737s] Level 1:colcon.colcon_core.package_discovery:discover_packages(path) check parameters
[1.737s] Level 1:colcon.colcon_core.package_discovery:discover_packages(colcon_meta) discover
[1.738s] Level 1:colcon.colcon_core.package_discovery:discover_packages(recursive) discover
[1.738s] INFO:colcon.colcon_core.package_discovery:Crawling recursively for packages in '/home/aaron/Space-Drone-High-Level/spacedrone'
[1.738s] Level 1:colcon.colcon_core.package_identification:_identify(.) by extensions ['ignore', 'ignore_ament_install']
[1.739s] Level 1:colcon.colcon_core.package_identification:_identify(.) by extension 'ignore'
[1.739s] Level 1:colcon.colcon_core.package_identification:_identify(.) by extension 'ignore_ament_install'
[1.739s] Level 1:colcon.colcon_core.package_identification:_identify(.) by extensions ['colcon_pkg']
[1.740s] Level 1:colcon.colcon_core.package_identification:_identify(.) by extension 'colcon_pkg'
[1.740s] Level 1:colcon.colcon_core.package_identification:_identify(.) by extensions ['colcon_meta']
[1.740s] Level 1:colcon.colcon_core.package_identification:_identify(.) by extension 'colcon_meta'
[1.740s] Level 1:colcon.colcon_core.package_identification:_identify(.) by extensions ['ros']
[1.740s] Level 1:colcon.colcon_core.package_identification:_identify(.) by extension 'ros'
[1.827s] Level 1:colcon.colcon_core.package_identification:_identify(.) by extensions ['cmake', 'python']
[1.827s] Level 1:colcon.colcon_core.package_identification:_identify(.) by extension 'cmake'
[1.827s] Level 1:colcon.colcon_core.package_identification:_identify(.) by extension 'python'
[1.828s] Level 1:colcon.colcon_core.package_identification:_identify(.) by extensions ['python_setup_py']
[1.828s] Level 1:colcon.colcon_core.package_identification:_identify(.) by extension 'python_setup_py'
[1.828s] Level 1:colcon.colcon_core.package_identification:_identify(build) by extensions ['ignore', 'ignore_ament_install']
[1.829s] Level 1:colcon.colcon_core.package_identification:_identify(build) by extension 'ignore'
[1.829s] Level 1:colcon.colcon_core.package_identification:_identify(build) ignored
[1.830s] Level 1:colcon.colcon_core.package_identification:_identify(install) by extensions ['ignore', 'ignore_ament_install']
[1.830s] Level 1:colcon.colcon_core.package_identification:_identify(install) by extension 'ignore'
[1.830s] Level 1:colcon.colcon_core.package_identification:_identify(install) ignored
[1.831s] Level 1:colcon.colcon_core.package_identification:_identify(log) by extensions ['ignore', 'ignore_ament_install']
[1.832s] Level 1:colcon.colcon_core.package_identification:_identify(log) by extension 'ignore'
[1.832s] Level 1:colcon.colcon_core.package_identification:_identify(log) ignored
[1.833s] Level 1:colcon.colcon_core.package_identification:_identify(src) by extensions ['ignore', 'ignore_ament_install']
[1.833s] Level 1:colcon.colcon_core.package_identification:_identify(src) by extension 'ignore'
[1.834s] Level 1:colcon.colcon_core.package_identification:_identify(src) by extension 'ignore_ament_install'
[1.834s] Level 1:colcon.colcon_core.package_identification:_identify(src) by extensions ['colcon_pkg']
[1.834s] Level 1:colcon.colcon_core.package_identification:_identify(src) by extension 'colcon_pkg'
[1.835s] Level 1:colcon.colcon_core.package_identification:_identify(src) by extensions ['colcon_meta']
[1.835s] Level 1:colcon.colcon_core.package_identification:_identify(src) by extension 'colcon_meta'
[1.835s] Level 1:colcon.colcon_core.package_identification:_identify(src) by extensions ['ros']
[1.836s] Level 1:colcon.colcon_core.package_identification:_identify(src) by extension 'ros'
[1.836s] Level 1:colcon.colcon_core.package_identification:_identify(src) by extensions ['cmake', 'python']
[1.836s] Level 1:colcon.colcon_core.package_identification:_identify(src) by extension 'cmake'
[1.836s] Level 1:colcon.colcon_core.package_identification:_identify(src) by extension 'python'
[1.837s] Level 1:colcon.colcon_core.package_identification:_identify(src) by extensions ['python_setup_py']
[1.837s] Level 1:colcon.colcon_core.package_identification:_identify(src) by extension 'python_setup_py'
[1.837s] Level 1:colcon.colcon_core.package_identification:_identify(src/camera) by extensions ['ignore', 'ignore_ament_install']
[1.838s] Level 1:colcon.colcon_core.package_identification:_identify(src/camera) by extension 'ignore'
[1.838s] Level 1:colcon.colcon_core.package_identification:_identify(src/camera) by extension 'ignore_ament_install'
[1.838s] Level 1:colcon.colcon_core.package_identification:_identify(src/camera) by extensions ['colcon_pkg']
[1.838s] Level 1:colcon.colcon_core.package_identification:_identify(src/camera) by extension 'colcon_pkg'
[1.839s] Level 1:colcon.colcon_core.package_identification:_identify(src/camera) by extensions ['colcon_meta']
[1.839s] Level 1:colcon.colcon_core.package_identification:_identify(src/camera) by extension 'colcon_meta'
[1.839s] Level 1:colcon.colcon_core.package_identification:_identify(src/camera) by extensions ['ros']
[1.839s] Level 1:colcon.colcon_core.package_identification:_identify(src/camera) by extension 'ros'
[1.855s] DEBUG:colcon.colcon_core.package_identification:Package 'src/camera' with type 'ros.ament_python' and name 'camera'
[1.855s] Level 1:colcon.colcon_core.package_discovery:discover_packages(recursive) using defaults
[1.856s] Level 1:colcon.colcon_core.package_discovery:discover_packages(ignore) discover
[1.856s] Level 1:colcon.colcon_core.package_discovery:discover_packages(ignore) using defaults
[1.856s] Level 1:colcon.colcon_core.package_discovery:discover_packages(path) discover
[1.856s] Level 1:colcon.colcon_core.package_discovery:discover_packages(path) using defaults
[1.965s] Level 1:colcon.colcon_core.package_discovery:discover_packages(prefix_path) check parameters
[1.965s] Level 1:colcon.colcon_core.package_discovery:discover_packages(prefix_path) discover
[1.973s] DEBUG:colcon.colcon_installed_package_information.package_discovery:Found 1 installed packages in /home/aaron/Space-Drone-High-Level/spacedrone/install
[1.975s] DEBUG:colcon.colcon_installed_package_information.package_discovery:Found 3 installed packages in /home/aaron/Space-Drone-High-Level/install
[1.981s] DEBUG:colcon.colcon_installed_package_information.package_discovery:Found 270 installed packages in /opt/ros/humble
[1.987s] Level 1:colcon.colcon_core.package_discovery:discover_packages(prefix_path) using defaults
[2.207s] Level 5:colcon.colcon_core.verb:set package 'camera' build argument 'cmake_args' from command line to 'None'
[2.207s] Level 5:colcon.colcon_core.verb:set package 'camera' build argument 'cmake_target' from command line to 'None'
[2.208s] Level 5:colcon.colcon_core.verb:set package 'camera' build argument 'cmake_target_skip_unavailable' from command line to 'False'
[2.208s] Level 5:colcon.colcon_core.verb:set package 'camera' build argument 'cmake_clean_cache' from command line to 'False'
[2.208s] Level 5:colcon.colcon_core.verb:set package 'camera' build argument 'cmake_clean_first' from command line to 'False'
[2.208s] Level 5:colcon.colcon_core.verb:set package 'camera' build argument 'cmake_force_configure' from command line to 'False'
[2.208s] Level 5:colcon.colcon_core.verb:set package 'camera' build argument 'ament_cmake_args' from command line to 'None'
[2.208s] Level 5:colcon.colcon_core.verb:set package 'camera' build argument 'catkin_cmake_args' from command line to 'None'
[2.208s] Level 5:colcon.colcon_core.verb:set package 'camera' build argument 'catkin_skip_building_tests' from command line to 'False'
[2.208s] DEBUG:colcon.colcon_core.verb:Building package 'camera' with the following arguments: {'ament_cmake_args': None, 'build_base': '/home/aaron/Space-Drone-High-Level/spacedrone/build/camera', 'catkin_cmake_args': None, 'catkin_skip_building_tests': False, 'cmake_args': None, 'cmake_clean_cache': False, 'cmake_clean_first': False, 'cmake_force_configure': False, 'cmake_target': None, 'cmake_target_skip_unavailable': False, 'install_base': '/home/aaron/Space-Drone-High-Level/spacedrone/install/camera', 'merge_install': False, 'path': '/home/aaron/Space-Drone-High-Level/spacedrone/src/camera', 'symlink_install': False, 'test_result_base': None}
[2.209s] INFO:colcon.colcon_core.executor:Executing jobs using 'parallel' executor
[2.212s] DEBUG:colcon.colcon_parallel_executor.executor.parallel:run_until_complete
[2.213s] INFO:colcon.colcon_ros.task.ament_python.build:Building ROS package in '/home/aaron/Space-Drone-High-Level/spacedrone/src/camera' with build type 'ament_python'
[2.213s] Level 1:colcon.colcon_core.shell:create_environment_hook('camera', 'ament_prefix_path')
[2.226s] INFO:colcon.colcon_core.plugin_system:Skipping extension 'colcon_core.shell.bat': Not used on non-Windows systems
[2.228s] INFO:colcon.colcon_core.shell:Creating environment hook '/home/aaron/Space-Drone-High-Level/spacedrone/install/camera/share/camera/hook/ament_prefix_path.ps1'
[2.230s] INFO:colcon.colcon_core.shell:Creating environment descriptor '/home/aaron/Space-Drone-High-Level/spacedrone/install/camera/share/camera/hook/ament_prefix_path.dsv'
[2.231s] INFO:colcon.colcon_core.shell:Creating environment hook '/home/aaron/Space-Drone-High-Level/spacedrone/install/camera/share/camera/hook/ament_prefix_path.sh'
[2.234s] INFO:colcon.colcon_core.shell:Skip shell extension 'powershell' for command environment: Not usable outside of PowerShell
[2.234s] DEBUG:colcon.colcon_core.shell:Skip shell extension 'dsv' for command environment
[3.487s] INFO:colcon.colcon_core.task.python.build:Building Python package in '/home/aaron/Space-Drone-High-Level/spacedrone/src/camera'
[3.488s] INFO:colcon.colcon_core.shell:Skip shell extension 'powershell' for command environment: Not usable outside of PowerShell
[3.489s] DEBUG:colcon.colcon_core.shell:Skip shell extension 'dsv' for command environment
[4.896s] DEBUG:colcon.colcon_core.event_handler.log_command:Invoking command in '/home/aaron/Space-Drone-High-Level/spacedrone/src/camera': PYTHONPATH=/home/aaron/Space-Drone-High-Level/spacedrone/build/camera/prefix_override:/usr/lib/python3/dist-packages/colcon_core/task/python/colcon_distutils_commands:/home/aaron/Space-Drone-High-Level/spacedrone/install/camera/lib/python3.10/site-packages:${PYTHONPATH} /usr/bin/python3 -W ignore:setup.py install is deprecated setup.py egg_info --egg-base ../../build/camera build --build-base /home/aaron/Space-Drone-High-Level/spacedrone/build/camera/build install --record /home/aaron/Space-Drone-High-Level/spacedrone/build/camera/install.log --single-version-externally-managed install_data
[6.490s] DEBUG:colcon.colcon_core.event_handler.log_command:Invoked command in '/home/aaron/Space-Drone-High-Level/spacedrone/src/camera' returned '0': PYTHONPATH=/home/aaron/Space-Drone-High-Level/spacedrone/build/camera/prefix_override:/usr/lib/python3/dist-packages/colcon_core/task/python/colcon_distutils_commands:/home/aaron/Space-Drone-High-Level/spacedrone/install/camera/lib/python3.10/site-packages:${PYTHONPATH} /usr/bin/python3 -W ignore:setup.py install is deprecated setup.py egg_info --egg-base ../../build/camera build --build-base /home/aaron/Space-Drone-High-Level/spacedrone/build/camera/build install --record /home/aaron/Space-Drone-High-Level/spacedrone/build/camera/install.log --single-version-externally-managed install_data
[6.513s] Level 1:colcon.colcon_core.environment:checking '/home/aaron/Space-Drone-High-Level/spacedrone/install/camera' for CMake module files
[6.515s] Level 1:colcon.colcon_core.environment:checking '/home/aaron/Space-Drone-High-Level/spacedrone/install/camera' for CMake config files
[6.517s] Level 1:colcon.colcon_core.environment:checking '/home/aaron/Space-Drone-High-Level/spacedrone/install/camera/lib'
[6.518s] Level 1:colcon.colcon_core.environment:checking '/home/aaron/Space-Drone-High-Level/spacedrone/install/camera/bin'
[6.518s] Level 1:colcon.colcon_core.environment:checking '/home/aaron/Space-Drone-High-Level/spacedrone/install/camera/lib/pkgconfig/camera.pc'
[6.519s] Level 1:colcon.colcon_core.environment:checking '/home/aaron/Space-Drone-High-Level/spacedrone/install/camera/lib/python3.10/site-packages'
[6.520s] Level 1:colcon.colcon_core.shell:create_environment_hook('camera', 'pythonpath')
[6.521s] INFO:colcon.colcon_core.shell:Creating environment hook '/home/aaron/Space-Drone-High-Level/spacedrone/install/camera/share/camera/hook/pythonpath.ps1'
[6.523s] INFO:colcon.colcon_core.shell:Creating environment descriptor '/home/aaron/Space-Drone-High-Level/spacedrone/install/camera/share/camera/hook/pythonpath.dsv'
[6.524s] INFO:colcon.colcon_core.shell:Creating environment hook '/home/aaron/Space-Drone-High-Level/spacedrone/install/camera/share/camera/hook/pythonpath.sh'
[6.526s] Level 1:colcon.colcon_core.environment:checking '/home/aaron/Space-Drone-High-Level/spacedrone/install/camera/bin'
[6.527s] Level 1:colcon.colcon_core.environment:create_environment_scripts_only(camera)
[6.528s] INFO:colcon.colcon_core.shell:Creating package script '/home/aaron/Space-Drone-High-Level/spacedrone/install/camera/share/camera/package.ps1'
[6.531s] INFO:colcon.colcon_core.shell:Creating package descriptor '/home/aaron/Space-Drone-High-Level/spacedrone/install/camera/share/camera/package.dsv'
[6.534s] INFO:colcon.colcon_core.shell:Creating package script '/home/aaron/Space-Drone-High-Level/spacedrone/install/camera/share/camera/package.sh'
[6.538s] INFO:colcon.colcon_core.shell:Creating package script '/home/aaron/Space-Drone-High-Level/spacedrone/install/camera/share/camera/package.bash'
[6.542s] INFO:colcon.colcon_core.shell:Creating package script '/home/aaron/Space-Drone-High-Level/spacedrone/install/camera/share/camera/package.zsh'
[6.545s] Level 1:colcon.colcon_core.environment:create_file_with_runtime_dependencies(/home/aaron/Space-Drone-High-Level/spacedrone/install/camera/share/colcon-core/packages/camera)
[6.546s] DEBUG:colcon.colcon_parallel_executor.executor.parallel:closing loop
[6.548s] DEBUG:colcon.colcon_parallel_executor.executor.parallel:loop closed
[6.549s] DEBUG:colcon.colcon_parallel_executor.executor.parallel:run_until_complete finished with '0'
[6.549s] DEBUG:colcon.colcon_core.event_reactor:joining thread
[6.591s] INFO:colcon.colcon_core.plugin_system:Skipping extension 'colcon_notification.desktop_notification.terminal_notifier': Not used on non-Darwin systems
[6.591s] INFO:colcon.colcon_core.plugin_system:Skipping extension 'colcon_notification.desktop_notification.win32': Not used on non-Windows systems
[6.592s] INFO:colcon.colcon_notification.desktop_notification:Sending desktop notification using 'notify2'
[6.635s] DEBUG:colcon.colcon_core.event_reactor:joined thread
[6.636s] INFO:colcon.colcon_core.shell:Creating prefix script '/home/aaron/Space-Drone-High-Level/spacedrone/install/local_setup.ps1'
[6.642s] INFO:colcon.colcon_core.shell:Creating prefix util module '/home/aaron/Space-Drone-High-Level/spacedrone/install/_local_setup_util_ps1.py'
[6.648s] INFO:colcon.colcon_core.shell:Creating prefix chain script '/home/aaron/Space-Drone-High-Level/spacedrone/install/setup.ps1'
[6.654s] INFO:colcon.colcon_core.shell:Creating prefix script '/home/aaron/Space-Drone-High-Level/spacedrone/install/local_setup.sh'
[6.657s] INFO:colcon.colcon_core.shell:Creating prefix util module '/home/aaron/Space-Drone-High-Level/spacedrone/install/_local_setup_util_sh.py'
[6.659s] INFO:colcon.colcon_core.shell:Creating prefix chain script '/home/aaron/Space-Drone-High-Level/spacedrone/install/setup.sh'
[6.665s] INFO:colcon.colcon_core.shell:Creating prefix script '/home/aaron/Space-Drone-High-Level/spacedrone/install/local_setup.bash'
[6.667s] INFO:colcon.colcon_core.shell:Creating prefix chain script '/home/aaron/Space-Drone-High-Level/spacedrone/install/setup.bash'
[6.672s] INFO:colcon.colcon_core.shell:Creating prefix script '/home/aaron/Space-Drone-High-Level/spacedrone/install/local_setup.zsh'
[6.675s] INFO:colcon.colcon_core.shell:Creating prefix chain script '/home/aaron/Space-Drone-High-Level/spacedrone/install/setup.zsh'
