[3.134s] Invoking command in '/home/aaron/Space-Drone-High-Level/spacedrone/src/camera': PYTHONPATH=/home/aaron/Space-Drone-High-Level/spacedrone/build/camera/prefix_override:/usr/lib/python3/dist-packages/colcon_core/task/python/colcon_distutils_commands:/home/aaron/Space-Drone-High-Level/spacedrone/install/camera/lib/python3.10/site-packages:${PYTHONPATH} /usr/bin/python3 -W ignore:setup.py install is deprecated setup.py egg_info --egg-base ../../build/camera build --build-base /home/aaron/Space-Drone-High-Level/spacedrone/build/camera/build install --record /home/aaron/Space-Drone-High-Level/spacedrone/build/camera/install.log --single-version-externally-managed install_data
[4.330s] running egg_info
[4.333s] writing ../../build/camera/camera.egg-info/PKG-INFO
[4.333s] writing dependency_links to ../../build/camera/camera.egg-info/dependency_links.txt
[4.334s] writing entry points to ../../build/camera/camera.egg-info/entry_points.txt
[4.335s] writing requirements to ../../build/camera/camera.egg-info/requires.txt
[4.335s] writing top-level names to ../../build/camera/camera.egg-info/top_level.txt
[4.347s] reading manifest file '../../build/camera/camera.egg-info/SOURCES.txt'
[4.348s] adding license file 'LICENSE'
[4.350s] writing manifest file '../../build/camera/camera.egg-info/SOURCES.txt'
[4.351s] running build
[4.352s] running build_py
[4.352s] running install
[4.354s] running install_lib
[4.361s] running install_data
[4.361s] running install_egg_info
[4.371s] removing '/home/aaron/Space-Drone-High-Level/spacedrone/install/camera/lib/python3.10/site-packages/camera-0.0.0-py3.10.egg-info' (and everything under it)
[4.372s] Copying ../../build/camera/camera.egg-info to /home/aaron/Space-Drone-High-Level/spacedrone/install/camera/lib/python3.10/site-packages/camera-0.0.0-py3.10.egg-info
[4.376s] running install_scripts
[4.458s] Installing aruco_node script to /home/aaron/Space-Drone-High-Level/spacedrone/install/camera/lib/camera
[4.459s] writing list of installed files to '/home/aaron/Space-Drone-High-Level/spacedrone/build/camera/install.log'
[4.539s] Invoked command in '/home/aaron/Space-Drone-High-Level/spacedrone/src/camera' returned '0': PYTHONPATH=/home/aaron/Space-Drone-High-Level/spacedrone/build/camera/prefix_override:/usr/lib/python3/dist-packages/colcon_core/task/python/colcon_distutils_commands:/home/aaron/Space-Drone-High-Level/spacedrone/install/camera/lib/python3.10/site-packages:${PYTHONPATH} /usr/bin/python3 -W ignore:setup.py install is deprecated setup.py egg_info --egg-base ../../build/camera build --build-base /home/aaron/Space-Drone-High-Level/spacedrone/build/camera/build install --record /home/aaron/Space-Drone-High-Level/spacedrone/build/camera/install.log --single-version-externally-managed install_data
